round=3 q=4 attempt=1/48 complete=96/96 mean=543.048914
round=3 q=4 attempt=2/48 complete=96/96 mean=542.639648
round=3 q=4 attempt=3/48 complete=96/96 mean=550.936643
round=3 q=4 attempt=4/48 complete=96/96 mean=549.730167
round=3 q=4 attempt=5/48 complete=96/96 mean=548.481680
round=3 q=4 attempt=6/48 complete=96/96 mean=544.292178
round=3 q=4 attempt=7/48 complete=96/96 mean=546.054279
round=3 q=4 attempt=8/48 complete=96/96 mean=543.302693
round=3 q=4 attempt=9/48 complete=96/96 mean=548.743536
round=3 q=4 attempt=10/48 complete=96/96 mean=544.632320
round=3 q=4 attempt=11/48 complete=96/96 mean=543.033421
round=3 q=4 attempt=12/48 complete=96/96 mean=550.491618
round=3 q=4 attempt=13/48 complete=96/96 mean=542.907526
round=3 q=4 attempt=14/48 complete=96/96 mean=546.102503
round=3 q=4 attempt=15/48 complete=96/96 mean=543.835655
round=3 q=4 attempt=16/48 complete=96/96 mean=546.404893
round=3 q=4 attempt=17/48 complete=96/96 mean=552.879541
round=3 q=4 attempt=18/48 complete=96/96 mean=543.342517
round=3 q=4 attempt=19/48 complete=96/96 mean=544.473047
round=3 q=4 attempt=20/48 complete=96/96 mean=545.320793
round=3 q=4 attempt=21/48 complete=96/96 mean=550.724799
round=3 q=4 attempt=22/48 complete=96/96 mean=550.689931
round=3 q=4 attempt=23/48 complete=96/96 mean=545.175544
round=3 q=4 attempt=24/48 complete=96/96 mean=544.660087
round=3 q=4 attempt=25/48 complete=96/96 mean=542.566547
round=3 q=4 attempt=26/48 complete=96/96 mean=542.446010
round=3 q=4 attempt=27/48 complete=96/96 mean=542.645501
round=3 q=4 attempt=28/48 complete=96/96 mean=543.051602
round=3 q=4 attempt=29/48 complete=96/96 mean=543.056627
round=3 q=4 attempt=30/48 complete=96/96 mean=542.832611
round=3 q=4 attempt=31/48 complete=96/96 mean=543.282066
round=3 q=4 attempt=32/48 complete=96/96 mean=542.757475
round=3 q=4 attempt=33/48 complete=96/96 mean=542.515314
round=3 q=4 attempt=34/48 complete=96/96 mean=543.584055
round=3 q=4 attempt=35/48 complete=96/96 mean=545.278475
round=3 q=4 attempt=36/48 complete=96/96 mean=542.932279
round=3 q=4 attempt=37/48 complete=96/96 mean=543.950716
round=3 q=4 attempt=38/48 complete=96/96 mean=544.139119
round=3 q=4 attempt=39/48 complete=96/96 mean=541.599126
round=3 q=4 attempt=40/48 complete=96/96 mean=542.440285
round=3 q=4 attempt=41/48 complete=96/96 mean=543.747472
round=3 q=4 attempt=42/48 complete=96/96 mean=542.198573
round=3 q=4 attempt=43/48 complete=96/96 mean=542.257507
round=3 q=4 attempt=44/48 complete=96/96 mean=543.670748
round=3 q=4 attempt=45/48 complete=96/96 mean=542.851627
round=3 q=4 attempt=46/48 complete=96/96 mean=543.653934
round=3 q=4 attempt=47/48 complete=96/96 mean=543.215720
round=3 q=4 attempt=48/48 complete=96/96 mean=543.057350
development q=4 attempt=38 complete=192/192 mean=551.086766
development q=4 attempt=41 complete=192/192 mean=553.171075
development q=4 attempt=42 complete=192/192 mean=554.259150
development q=4 attempt=39 complete=192/192 mean=553.887612
development q=4 attempt=25 complete=192/192 mean=552.993503
development q=4 attempt=0 complete=192/192 mean=552.788148
{
  "3": {
    "config": {
      "advance_fraction": 0.6,
      "lateral_fraction": 0.15,
      "clear_trial_radius": 100,
      "route_optimization": true,
      "upper_bound_stop": true,
      "rescue_initial_clear": false,
      "joint_scheduling": true,
      "source_priority": 1.55,
      "clear_standoff": true
    },
    "parameters": {},
    "fixed": true,
    "reason": "mode fixed before training; no search this round"
  },
  "4": {
    "attempt": 0,
    "parameters": {
      "advance_fraction": 0.6,
      "lateral_fraction": 0.15,
      "second_range_weight": 0.0,
      "second_uncertainty_weight": 0.0,
      "second_route_weight": 0.0
    },
    "config": {
      "advance_fraction": 0.6,
      "lateral_fraction": 0.15,
      "clear_trial_radius": 100,
      "route_optimization": true,
      "upper_bound_stop": true,
      "rescue_initial_clear": false,
      "joint_scheduling": true,
      "source_priority": 1.2619110746662765,
      "clear_standoff": true,
      "schedule_uncertainty": 1.4590786898952524,
      "schedule_density": 0.1024358824899248,
      "schedule_station_gain": -0.6164314783102008,
      "second_range_weight": 0.0,
      "second_uncertainty_weight": 0.0,
      "second_route_weight": 0.0
    },
    "development_summary": {
      "complete": 192,
      "n": 192,
      "mean_s": 552.7881476958848,
      "worst_s": 1027.5501491999999
    },
    "input_policy_development": {
      "complete": 192,
      "n": 192,
      "mean_s": 552.7881476958848,
      "worst_s": 1027.5501491999999
    }
  }
}
Selected configurations match original: {'3': True, '4': True}
