round=1 q=3 attempt=1/48 complete=96/96 mean=312.029157
round=1 q=3 attempt=2/48 complete=96/96 mean=342.175612
round=1 q=3 attempt=3/48 complete=96/96 mean=328.311257
round=1 q=3 attempt=4/48 complete=96/96 mean=354.219900
round=1 q=3 attempt=5/48 complete=96/96 mean=332.076276
round=1 q=3 attempt=6/48 complete=96/96 mean=326.224473
round=1 q=3 attempt=7/48 complete=96/96 mean=317.044062
round=1 q=3 attempt=8/48 complete=96/96 mean=320.209897
round=1 q=3 attempt=9/48 complete=96/96 mean=333.869889
round=1 q=3 attempt=10/48 complete=96/96 mean=324.655827
round=1 q=3 attempt=11/48 complete=96/96 mean=347.703585
round=1 q=3 attempt=12/48 complete=96/96 mean=348.233540
round=1 q=3 attempt=13/48 complete=96/96 mean=331.520862
round=1 q=3 attempt=14/48 complete=96/96 mean=318.583157
round=1 q=3 attempt=15/48 complete=96/96 mean=346.161454
round=1 q=3 attempt=16/48 complete=96/96 mean=348.756310
round=1 q=3 attempt=17/48 complete=96/96 mean=363.009716
round=1 q=3 attempt=18/48 complete=96/96 mean=336.804428
round=1 q=3 attempt=19/48 complete=96/96 mean=317.854972
round=1 q=3 attempt=20/48 complete=96/96 mean=347.493426
round=1 q=3 attempt=21/48 complete=96/96 mean=329.239054
round=1 q=3 attempt=22/48 complete=96/96 mean=334.831614
round=1 q=3 attempt=23/48 complete=96/96 mean=315.859755
round=1 q=3 attempt=24/48 complete=96/96 mean=351.814672
round=1 q=3 attempt=25/48 complete=96/96 mean=323.218433
round=1 q=3 attempt=26/48 complete=96/96 mean=316.750386
round=1 q=3 attempt=27/48 complete=96/96 mean=314.747812
round=1 q=3 attempt=28/48 complete=96/96 mean=318.638502
round=1 q=3 attempt=29/48 complete=96/96 mean=315.789072
round=1 q=3 attempt=30/48 complete=96/96 mean=320.926603
round=1 q=3 attempt=31/48 complete=96/96 mean=319.117859
round=1 q=3 attempt=32/48 complete=96/96 mean=315.713609
round=1 q=3 attempt=33/48 complete=96/96 mean=315.696551
round=1 q=3 attempt=34/48 complete=96/96 mean=314.765841
round=1 q=3 attempt=35/48 complete=96/96 mean=317.438732
round=1 q=3 attempt=36/48 complete=96/96 mean=314.425016
round=1 q=3 attempt=37/48 complete=96/96 mean=316.484660
round=1 q=3 attempt=38/48 complete=96/96 mean=316.978682
round=1 q=3 attempt=39/48 complete=96/96 mean=321.667650
round=1 q=3 attempt=40/48 complete=96/96 mean=327.576719
round=1 q=3 attempt=41/48 complete=96/96 mean=317.588971
round=1 q=3 attempt=42/48 complete=96/96 mean=318.073103
round=1 q=3 attempt=43/48 complete=96/96 mean=317.066623
round=1 q=3 attempt=44/48 complete=96/96 mean=316.368927
round=1 q=3 attempt=45/48 complete=96/96 mean=322.061011
round=1 q=3 attempt=46/48 complete=96/96 mean=314.073649
round=1 q=3 attempt=47/48 complete=96/96 mean=313.652464
round=1 q=3 attempt=48/48 complete=96/96 mean=313.256278
development q=3 attempt=0 complete=192/192 mean=306.984527
development q=3 attempt=47 complete=192/192 mean=307.881745
development q=3 attempt=46 complete=192/192 mean=308.617773
development q=3 attempt=45 complete=192/192 mean=306.878184
development q=3 attempt=35 complete=192/192 mean=306.741819
round=1 q=4 attempt=1/48 complete=96/96 mean=552.126844
round=1 q=4 attempt=2/48 complete=96/96 mean=554.135555
round=1 q=4 attempt=3/48 complete=96/96 mean=638.338783
round=1 q=4 attempt=4/48 complete=96/96 mean=559.379765
round=1 q=4 attempt=5/48 complete=96/96 mean=575.579159
round=1 q=4 attempt=6/48 complete=96/96 mean=620.242892
round=1 q=4 attempt=7/48 complete=96/96 mean=558.113480
round=1 q=4 attempt=8/48 complete=96/96 mean=561.678394
round=1 q=4 attempt=9/48 complete=96/96 mean=656.731932
round=1 q=4 attempt=10/48 complete=96/96 mean=573.954435
round=1 q=4 attempt=11/48 complete=96/96 mean=564.870780
round=1 q=4 attempt=12/48 complete=96/96 mean=573.245691
round=1 q=4 attempt=13/48 complete=96/96 mean=567.740522
round=1 q=4 attempt=14/48 complete=96/96 mean=608.688863
round=1 q=4 attempt=15/48 complete=96/96 mean=559.110705
round=1 q=4 attempt=16/48 complete=96/96 mean=643.905103
round=1 q=4 attempt=17/48 complete=96/96 mean=583.000456
round=1 q=4 attempt=18/48 complete=96/96 mean=576.766253
round=1 q=4 attempt=19/48 complete=96/96 mean=581.141454
round=1 q=4 attempt=20/48 complete=96/96 mean=573.864043
round=1 q=4 attempt=21/48 complete=96/96 mean=549.971859
round=1 q=4 attempt=22/48 complete=96/96 mean=575.428747
round=1 q=4 attempt=23/48 complete=96/96 mean=567.726098
round=1 q=4 attempt=24/48 complete=96/96 mean=562.272935
round=1 q=4 attempt=25/48 complete=96/96 mean=558.424918
round=1 q=4 attempt=26/48 complete=96/96 mean=557.660610
round=1 q=4 attempt=27/48 complete=96/96 mean=562.388272
round=1 q=4 attempt=28/48 complete=96/96 mean=548.052183
round=1 q=4 attempt=29/48 complete=96/96 mean=556.684515
round=1 q=4 attempt=30/48 complete=96/96 mean=554.053607
round=1 q=4 attempt=31/48 complete=96/96 mean=567.616843
round=1 q=4 attempt=32/48 complete=96/96 mean=581.066334
round=1 q=4 attempt=33/48 complete=96/96 mean=561.183146
round=1 q=4 attempt=34/48 complete=96/96 mean=559.329850
round=1 q=4 attempt=35/48 complete=96/96 mean=549.477618
round=1 q=4 attempt=36/48 complete=96/96 mean=550.818714
round=1 q=4 attempt=37/48 complete=96/96 mean=551.610309
round=1 q=4 attempt=38/48 complete=96/96 mean=558.859907
round=1 q=4 attempt=39/48 complete=96/96 mean=560.123908
round=1 q=4 attempt=40/48 complete=96/96 mean=566.339696
round=1 q=4 attempt=41/48 complete=96/96 mean=550.494428
round=1 q=4 attempt=42/48 complete=96/96 mean=548.523067
round=1 q=4 attempt=43/48 complete=96/96 mean=554.457598
round=1 q=4 attempt=44/48 complete=96/96 mean=557.080168
round=1 q=4 attempt=45/48 complete=96/96 mean=549.881846
round=1 q=4 attempt=46/48 complete=96/96 mean=558.209508
round=1 q=4 attempt=47/48 complete=96/96 mean=563.149132
round=1 q=4 attempt=48/48 complete=96/96 mean=557.253341
development q=4 attempt=27 complete=192/192 mean=577.096362
development q=4 attempt=41 complete=192/192 mean=576.566222
development q=4 attempt=34 complete=192/192 mean=577.349477
development q=4 attempt=44 complete=192/192 mean=581.885141
development q=4 attempt=20 complete=192/192 mean=576.980547
development q=4 attempt=0 complete=192/192 mean=576.250047
{
  "3": {
    "attempt": 35,
    "parameters": {
      "advance_fraction": 0.5583174697508475,
      "lateral_fraction": 0.17062114081480861,
      "clear_trial_radius": 144.90288212071042,
      "source_priority": 1.67808209319335
    },
    "config": {
      "advance_fraction": 0.5583174697508475,
      "lateral_fraction": 0.17062114081480861,
      "clear_trial_radius": 144.90288212071042,
      "route_optimization": true,
      "upper_bound_stop": true,
      "rescue_initial_clear": false,
      "joint_scheduling": true,
      "source_priority": 1.67808209319335,
      "clear_standoff": true
    },
    "development_summary": {
      "complete": 192,
      "n": 192,
      "mean_s": 306.74181861959,
      "worst_s": 439.96590909090907
    },
    "input_policy_development": {
      "complete": 192,
      "n": 192,
      "mean_s": 306.98452698887536,
      "worst_s": 463.2822630909091
    }
  },
  "4": {
    "attempt": 0,
    "parameters": {
      "advance_fraction": 0.6,
      "lateral_fraction": 0.15,
      "clear_trial_radius": 100,
      "source_priority": 1.6
    },
    "config": {
      "advance_fraction": 0.6,
      "lateral_fraction": 0.15,
      "clear_trial_radius": 100,
      "route_optimization": true,
      "upper_bound_stop": true,
      "rescue_initial_clear": false,
      "joint_scheduling": true,
      "source_priority": 1.6,
      "clear_standoff": true
    },
    "development_summary": {
      "complete": 192,
      "n": 192,
      "mean_s": 576.2500469461811,
      "worst_s": 884.3145552142857
    },
    "input_policy_development": {
      "complete": 192,
      "n": 192,
      "mean_s": 576.2500469461811,
      "worst_s": 884.3145552142857
    }
  }
}
