round=2 q=3 attempt=1/48 complete=96/96 mean=301.334222
round=2 q=3 attempt=2/48 complete=96/96 mean=316.982006
round=2 q=3 attempt=3/48 complete=96/96 mean=317.030888
round=2 q=3 attempt=4/48 complete=96/96 mean=311.009159
round=2 q=3 attempt=5/48 complete=96/96 mean=351.116532
round=2 q=3 attempt=6/48 complete=96/96 mean=330.917389
round=2 q=3 attempt=7/48 complete=96/96 mean=308.137849
round=2 q=3 attempt=8/48 complete=96/96 mean=347.365622
round=2 q=3 attempt=9/48 complete=96/96 mean=331.704861
round=2 q=3 attempt=10/48 complete=96/96 mean=350.036617
round=2 q=3 attempt=11/48 complete=96/96 mean=352.968798
round=2 q=3 attempt=12/48 complete=96/96 mean=301.987908
round=2 q=3 attempt=13/48 complete=96/96 mean=339.086280
round=2 q=3 attempt=14/48 complete=96/96 mean=334.412401
round=2 q=3 attempt=15/48 complete=96/96 mean=320.686825
round=2 q=3 attempt=16/48 complete=96/96 mean=318.338497
round=2 q=3 attempt=17/48 complete=96/96 mean=293.330846
round=2 q=3 attempt=18/48 complete=96/96 mean=336.175646
round=2 q=3 attempt=19/48 complete=96/96 mean=321.031821
round=2 q=3 attempt=20/48 complete=96/96 mean=308.909815
round=2 q=3 attempt=21/48 complete=96/96 mean=328.980403
round=2 q=3 attempt=22/48 complete=96/96 mean=337.167075
round=2 q=3 attempt=23/48 complete=96/96 mean=319.412885
round=2 q=3 attempt=24/48 complete=96/96 mean=303.767405
round=2 q=3 attempt=25/48 complete=96/96 mean=313.805217
round=2 q=3 attempt=26/48 complete=96/96 mean=326.181176
round=2 q=3 attempt=27/48 complete=96/96 mean=299.706462
round=2 q=3 attempt=28/48 complete=96/96 mean=304.463073
round=2 q=3 attempt=29/48 complete=96/96 mean=309.823901
round=2 q=3 attempt=30/48 complete=96/96 mean=327.781494
round=2 q=3 attempt=31/48 complete=96/96 mean=310.558234
round=2 q=3 attempt=32/48 complete=96/96 mean=303.310868
round=2 q=3 attempt=33/48 complete=96/96 mean=289.069948
round=2 q=3 attempt=34/48 complete=96/96 mean=306.252322
round=2 q=3 attempt=35/48 complete=96/96 mean=295.143803
round=2 q=3 attempt=36/48 complete=96/96 mean=326.383113
round=2 q=3 attempt=37/48 complete=96/96 mean=297.149907
round=2 q=3 attempt=38/48 complete=96/96 mean=311.851720
round=2 q=3 attempt=39/48 complete=96/96 mean=307.014297
round=2 q=3 attempt=40/48 complete=96/96 mean=323.741278
round=2 q=3 attempt=41/48 complete=96/96 mean=323.006902
round=2 q=3 attempt=42/48 complete=96/96 mean=321.730890
round=2 q=3 attempt=43/48 complete=96/96 mean=329.068967
round=2 q=3 attempt=44/48 complete=96/96 mean=324.984028
round=2 q=3 attempt=45/48 complete=96/96 mean=298.352893
round=2 q=3 attempt=46/48 complete=96/96 mean=313.344194
round=2 q=3 attempt=47/48 complete=96/96 mean=327.497742
round=2 q=3 attempt=48/48 complete=96/96 mean=313.596334
development q=3 attempt=32 complete=192/192 mean=299.810961
development q=3 attempt=16 complete=192/192 mean=300.899872
development q=3 attempt=34 complete=192/192 mean=307.621333
development q=3 attempt=36 complete=192/192 mean=306.278185
development q=3 attempt=44 complete=192/192 mean=305.907956
development q=3 attempt=0 complete=192/192 mean=308.781174
round=2 q=4 attempt=1/48 complete=96/96 mean=556.903753
round=2 q=4 attempt=2/48 complete=96/96 mean=605.355259
round=2 q=4 attempt=3/48 complete=96/96 mean=562.364120
round=2 q=4 attempt=4/48 complete=96/96 mean=574.296472
round=2 q=4 attempt=5/48 complete=96/96 mean=582.583941
round=2 q=4 attempt=6/48 complete=96/96 mean=625.216884
round=2 q=4 attempt=7/48 complete=96/96 mean=577.544718
round=2 q=4 attempt=8/48 complete=96/96 mean=615.384257
round=2 q=4 attempt=9/48 complete=96/96 mean=586.851712
round=2 q=4 attempt=10/48 complete=96/96 mean=620.721788
round=2 q=4 attempt=11/48 complete=96/96 mean=622.542457
round=2 q=4 attempt=12/48 complete=96/96 mean=552.242697
round=2 q=4 attempt=13/48 complete=96/96 mean=577.656471
round=2 q=4 attempt=14/48 complete=96/96 mean=619.881817
round=2 q=4 attempt=15/48 complete=96/96 mean=552.941215
round=2 q=4 attempt=16/48 complete=96/96 mean=635.960077
round=2 q=4 attempt=17/48 complete=96/96 mean=593.722828
round=2 q=4 attempt=18/48 complete=96/96 mean=623.818553
round=2 q=4 attempt=19/48 complete=96/96 mean=624.079836
round=2 q=4 attempt=20/48 complete=96/96 mean=574.229130
round=2 q=4 attempt=21/48 complete=96/96 mean=555.923797
round=2 q=4 attempt=22/48 complete=96/96 mean=591.772624
round=2 q=4 attempt=23/48 complete=96/96 mean=610.062926
round=2 q=4 attempt=24/48 complete=96/96 mean=627.062094
round=2 q=4 attempt=25/48 complete=96/96 mean=547.753012
round=2 q=4 attempt=26/48 complete=96/96 mean=561.079346
round=2 q=4 attempt=27/48 complete=96/96 mean=541.998865
round=2 q=4 attempt=28/48 complete=96/96 mean=547.434173
round=2 q=4 attempt=29/48 complete=96/96 mean=558.116468
round=2 q=4 attempt=30/48 complete=96/96 mean=542.643791
round=2 q=4 attempt=31/48 complete=96/96 mean=540.203968
round=2 q=4 attempt=32/48 complete=96/96 mean=556.695132
round=2 q=4 attempt=33/48 complete=96/96 mean=545.512563
round=2 q=4 attempt=34/48 complete=96/96 mean=550.121277
round=2 q=4 attempt=35/48 complete=96/96 mean=559.222211
round=2 q=4 attempt=36/48 complete=96/96 mean=564.089256
round=2 q=4 attempt=37/48 complete=96/96 mean=551.405175
round=2 q=4 attempt=38/48 complete=96/96 mean=549.027490
round=2 q=4 attempt=39/48 complete=96/96 mean=554.172487
round=2 q=4 attempt=40/48 complete=96/96 mean=558.910700
round=2 q=4 attempt=41/48 complete=96/96 mean=563.322154
round=2 q=4 attempt=42/48 complete=96/96 mean=545.719027
round=2 q=4 attempt=43/48 complete=96/96 mean=556.424978
round=2 q=4 attempt=44/48 complete=96/96 mean=553.784492
round=2 q=4 attempt=45/48 complete=96/96 mean=561.182745
round=2 q=4 attempt=46/48 complete=96/96 mean=564.905182
round=2 q=4 attempt=47/48 complete=96/96 mean=559.535906
round=2 q=4 attempt=48/48 complete=96/96 mean=548.582730
development q=4 attempt=30 complete=192/192 mean=538.762264
development q=4 attempt=26 complete=192/192 mean=540.509606
development q=4 attempt=29 complete=192/192 mean=538.874789
development q=4 attempt=32 complete=192/192 mean=545.975111
development q=4 attempt=41 complete=192/192 mean=556.993142
development q=4 attempt=0 complete=192/192 mean=556.317079
{
  "3": {
    "attempt": 32,
    "parameters": {
      "schedule_uncertainty": 0.07758933623517061,
      "schedule_density": 1.0400557094657095,
      "schedule_station_gain": 0.004297676170792235,
      "source_priority": 1.0883081443819034
    },
    "config": {
      "advance_fraction": 0.6,
      "lateral_fraction": 0.15,
      "clear_trial_radius": 100,
      "route_optimization": true,
      "upper_bound_stop": true,
      "rescue_initial_clear": false,
      "joint_scheduling": true,
      "source_priority": 1.0883081443819034,
      "clear_standoff": true,
      "schedule_uncertainty": 0.07758933623517061,
      "schedule_density": 1.0400557094657095,
      "schedule_station_gain": 0.004297676170792235
    },
    "development_summary": {
      "complete": 192,
      "n": 192,
      "mean_s": 299.8109610345747,
      "worst_s": 463.9830895
    },
    "input_policy_development": {
      "complete": 192,
      "n": 192,
      "mean_s": 308.78117449180064,
      "worst_s": 436.06352014285716
    }
  },
  "4": {
    "attempt": 30,
    "parameters": {
      "schedule_uncertainty": 1.4590786898952524,
      "schedule_density": 0.1024358824899248,
      "schedule_station_gain": -0.6164314783102008,
      "source_priority": 1.2619110746662765
    },
    "config": {
      "advance_fraction": 0.6,
      "lateral_fraction": 0.15,
      "clear_trial_radius": 100,
      "route_optimization": true,
      "upper_bound_stop": true,
      "rescue_initial_clear": false,
      "joint_scheduling": true,
      "source_priority": 1.2619110746662765,
      "clear_standoff": true,
      "schedule_uncertainty": 1.4590786898952524,
      "schedule_density": 0.1024358824899248,
      "schedule_station_gain": -0.6164314783102008
    },
    "development_summary": {
      "complete": 192,
      "n": 192,
      "mean_s": 538.7622641648904,
      "worst_s": 845.2869915454546
    },
    "input_policy_development": {
      "complete": 192,
      "n": 192,
      "mean_s": 556.3170788213021,
      "worst_s": 853.3002948
    }
  }
}
