round=4 q=4 attempt=1/32 complete=144/144 mean=536.699057
round=4 q=4 attempt=2/32 complete=144/144 mean=580.243345
round=4 q=4 attempt=3/32 complete=144/144 mean=563.622347
round=4 q=4 attempt=4/32 complete=144/144 mean=549.599183
round=4 q=4 attempt=5/32 complete=144/144 mean=578.677679
round=4 q=4 attempt=6/32 complete=144/144 mean=544.485356
round=4 q=4 attempt=7/32 complete=144/144 mean=593.843587
round=4 q=4 attempt=8/32 complete=144/144 mean=542.684862
round=4 q=4 attempt=9/32 complete=144/144 mean=564.059564
round=4 q=4 attempt=10/32 complete=144/144 mean=557.055308
round=4 q=4 attempt=11/32 complete=144/144 mean=570.274165
round=4 q=4 attempt=12/32 complete=144/144 mean=551.143531
round=4 q=4 attempt=13/32 complete=144/144 mean=567.999119
round=4 q=4 attempt=14/32 complete=144/144 mean=554.737672
round=4 q=4 attempt=15/32 complete=144/144 mean=539.689518
round=4 q=4 attempt=16/32 complete=144/144 mean=555.303578
round=4 q=4 attempt=17/32 complete=144/144 mean=538.752975
round=4 q=4 attempt=18/32 complete=144/144 mean=544.271390
round=4 q=4 attempt=19/32 complete=144/144 mean=540.336549
round=4 q=4 attempt=20/32 complete=144/144 mean=537.983304
round=4 q=4 attempt=21/32 complete=144/144 mean=548.932729
round=4 q=4 attempt=22/32 complete=144/144 mean=542.874880
round=4 q=4 attempt=23/32 complete=144/144 mean=541.662042
round=4 q=4 attempt=24/32 complete=144/144 mean=552.607161
round=4 q=4 attempt=25/32 complete=144/144 mean=557.399549
round=4 q=4 attempt=26/32 complete=144/144 mean=543.590456
round=4 q=4 attempt=27/32 complete=144/144 mean=538.724356
round=4 q=4 attempt=28/32 complete=144/144 mean=536.252830
round=4 q=4 attempt=29/32 complete=144/144 mean=549.471380
round=4 q=4 attempt=30/32 complete=144/144 mean=553.135919
round=4 q=4 attempt=31/32 complete=144/144 mean=541.467628
round=4 q=4 attempt=32/32 complete=144/144 mean=542.294975
development q=4 attempt=27 complete=288/288 mean=550.594444
development q=4 attempt=0 complete=288/288 mean=552.290583
development q=4 attempt=19 complete=288/288 mean=552.029554
development q=4 attempt=26 complete=288/288 mean=555.019550
development q=4 attempt=16 complete=288/288 mean=558.487324
{
  "3": {
    "config": {
      "advance_fraction": 0.6,
      "lateral_fraction": 0.15,
      "clear_trial_radius": 100,
      "route_optimization": true,
      "upper_bound_stop": true,
      "rescue_initial_clear": false,
      "joint_scheduling": true,
      "source_priority": 1.55,
      "clear_standoff": true
    },
    "parameters": {},
    "fixed": true,
    "reason": "mode fixed before training; no search this round"
  },
  "4": {
    "attempt": 0,
    "parameters": {
      "schedule_missing": 0.0,
      "schedule_repeat": 0.0,
      "schedule_workload": 0.0,
      "source_priority": 1.2619110746662765
    },
    "config": {
      "advance_fraction": 0.6,
      "lateral_fraction": 0.15,
      "clear_trial_radius": 100,
      "route_optimization": true,
      "upper_bound_stop": true,
      "rescue_initial_clear": false,
      "joint_scheduling": true,
      "source_priority": 1.2619110746662765,
      "clear_standoff": true,
      "schedule_uncertainty": 1.4590786898952524,
      "schedule_density": 0.1024358824899248,
      "schedule_station_gain": -0.6164314783102008,
      "second_range_weight": 0.0,
      "second_uncertainty_weight": 0.0,
      "second_route_weight": 0.0,
      "schedule_missing": 0.0,
      "schedule_repeat": 0.0,
      "schedule_workload": 0.0
    },
    "development_summary": {
      "complete": 288,
      "n": 288,
      "mean_s": 552.2905832011687,
      "worst_s": 1230.1996002
    },
    "input_policy_development": {
      "complete": 288,
      "n": 288,
      "mean_s": 552.2905832011687,
      "worst_s": 1230.1996002
    }
  }
}
