round=7 q=4 attempt=1/32 complete=144/144 mean=518.811754
round=7 q=4 attempt=2/32 complete=144/144 mean=532.117783
round=7 q=4 attempt=3/32 complete=144/144 mean=527.269673
round=7 q=4 attempt=4/32 complete=144/144 mean=548.793004
round=7 q=4 attempt=5/32 complete=144/144 mean=547.774453
round=7 q=4 attempt=6/32 complete=144/144 mean=519.448575
round=7 q=4 attempt=7/32 complete=144/144 mean=551.295134
round=7 q=4 attempt=8/32 complete=144/144 mean=560.757563
round=7 q=4 attempt=9/32 complete=144/144 mean=531.913363
round=7 q=4 attempt=10/32 complete=144/144 mean=516.821925
round=7 q=4 attempt=11/32 complete=144/144 mean=567.298953
round=7 q=4 attempt=12/32 complete=144/144 mean=566.588321
round=7 q=4 attempt=13/32 complete=144/144 mean=522.636134
round=7 q=4 attempt=14/32 complete=144/144 mean=562.755077
round=7 q=4 attempt=15/32 complete=144/144 mean=557.977441
round=7 q=4 attempt=16/32 complete=144/144 mean=561.641550
round=7 q=4 attempt=17/32 complete=144/144 mean=519.470858
round=7 q=4 attempt=18/32 complete=144/144 mean=520.465807
round=7 q=4 attempt=19/32 complete=144/144 mean=517.417102
round=7 q=4 attempt=20/32 complete=144/144 mean=520.238350
round=7 q=4 attempt=21/32 complete=144/144 mean=530.793956
round=7 q=4 attempt=22/32 complete=144/144 mean=516.909979
round=7 q=4 attempt=23/32 complete=144/144 mean=523.371892
round=7 q=4 attempt=24/32 complete=144/144 mean=517.504298
round=7 q=4 attempt=25/32 complete=144/144 mean=519.351055
round=7 q=4 attempt=26/32 complete=144/144 mean=518.654213
round=7 q=4 attempt=27/32 complete=144/144 mean=521.071741
round=7 q=4 attempt=28/32 complete=144/144 mean=519.546382
round=7 q=4 attempt=29/32 complete=144/144 mean=520.000910
round=7 q=4 attempt=30/32 complete=144/144 mean=518.867865
round=7 q=4 attempt=31/32 complete=144/144 mean=526.913273
round=7 q=4 attempt=32/32 complete=144/144 mean=520.479887
development q=4 attempt=9 complete=288/288 mean=538.674478
development q=4 attempt=21 complete=288/288 mean=534.787481
development q=4 attempt=18 complete=288/288 mean=545.263573
development q=4 attempt=23 complete=288/288 mean=539.108108
development q=4 attempt=25 complete=288/288 mean=544.248628
development q=4 attempt=0 complete=288/288 mean=539.436891
{
  "3": {
    "config": {
      "advance_fraction": 0.6,
      "lateral_fraction": 0.15,
      "clear_trial_radius": 100,
      "route_optimization": true,
      "upper_bound_stop": true,
      "rescue_initial_clear": false,
      "joint_scheduling": true,
      "source_priority": 1.55,
      "clear_standoff": true
    },
    "parameters": {},
    "fixed": true,
    "reason": "mode fixed before training; no search this round"
  },
  "4": {
    "attempt": 21,
    "parameters": {
      "schedule_boundary": -0.10092733680249596,
      "source_priority": 2.004736280465327,
      "schedule_station_gain": -0.47466339558754406,
      "schedule_uncertainty": 1.3227659012697082
    },
    "config": {
      "advance_fraction": 0.6,
      "lateral_fraction": 0.15,
      "clear_trial_radius": 100,
      "route_optimization": true,
      "upper_bound_stop": true,
      "rescue_initial_clear": false,
      "joint_scheduling": true,
      "source_priority": 2.004736280465327,
      "clear_standoff": true,
      "schedule_uncertainty": 1.3227659012697082,
      "schedule_density": 0.1024358824899248,
      "schedule_station_gain": -0.47466339558754406,
      "second_range_weight": 0.0,
      "second_uncertainty_weight": 0.0,
      "second_route_weight": 0.0,
      "schedule_missing": -0.38800613440593723,
      "schedule_repeat": -0.5026382344755622,
      "schedule_workload": -0.18457534783107643,
      "schedule_boundary": -0.10092733680249596
    },
    "development_summary": {
      "complete": 288,
      "n": 288,
      "mean_s": 534.7874814166242,
      "worst_s": 874.545178
    },
    "input_policy_development": {
      "complete": 288,
      "n": 288,
      "mean_s": 539.4368914509976,
      "worst_s": 862.4043771
    }
  }
}
