test_01_parameter_arithmetic (__main__.ContractTests.test_01_parameter_arithmetic) ... ok
test_02_feature_dimensions (__main__.ContractTests.test_02_feature_dimensions) ... ok
test_03_dimensionless_loss (__main__.ContractTests.test_03_dimensionless_loss) ... ok
test_04_label_units_prefix_and_failure (__main__.ContractTests.test_04_label_units_prefix_and_failure) ... ok
test_05_reference_and_alternative_own_slots (__main__.ContractTests.test_05_reference_and_alternative_own_slots) ... ok
test_06_unknown_slot_rejected (__main__.ContractTests.test_06_unknown_slot_rejected) ... ok
test_07_near_has_two_paid_events (__main__.ContractTests.test_07_near_has_two_paid_events) ... ok
test_08_station_and_teacher_same_finalizer (__main__.ContractTests.test_08_station_and_teacher_same_finalizer) ... ok
test_09_unknown_cost_never_zero (__main__.ContractTests.test_09_unknown_cost_never_zero) ... ok
test_10_common_prepared_patch_fixture (__main__.ContractTests.test_10_common_prepared_patch_fixture) ... ok
test_11_canonical_coordinates_and_action_identity (__main__.ContractTests.test_11_canonical_coordinates_and_action_identity) ... ok
test_12_payload_hash_is_order_independent (__main__.ContractTests.test_12_payload_hash_is_order_independent) ... ok
test_13_nearest_rank_and_insufficient_calibration (__main__.ContractTests.test_13_nearest_rank_and_insufficient_calibration) ... ok
test_14_event_age_is_virtual_seconds (__main__.ContractTests.test_14_event_age_is_virtual_seconds) ... ok
test_15_world_equal_not_branch_equal (__main__.ContractTests.test_15_world_equal_not_branch_equal) ... ok
test_16_fit_val_roles_permanent (__main__.ContractTests.test_16_fit_val_roles_permanent) ... ok
test_17_budget_arithmetic (__main__.ContractTests.test_17_budget_arithmetic) ... ok
test_18_budget_incomplete_rows_preserved (__main__.ContractTests.test_18_budget_incomplete_rows_preserved) ... ok
test_19_branch_clock_ignores_queue_not_prefix (__main__.ContractTests.test_19_branch_clock_ignores_queue_not_prefix) ... ok
test_20_current_theta_no_old_policy_chain_fixture (__main__.ContractTests.test_20_current_theta_no_old_policy_chain_fixture) ... ok
test_21_corpus_counts_identity_and_reading (__main__.ContractTests.test_21_corpus_counts_identity_and_reading) ... ok
test_22_prepare_select_commit_once_even_empty_patch (__main__.ContractTests.test_22_prepare_select_commit_once_even_empty_patch) ... ok
test_23_restore_guard_and_clock_do_not_reset_budget (__main__.ContractTests.test_23_restore_guard_and_clock_do_not_reset_budget) ... ok
test_24_partial_station_and_failed_teacher_keep_obligations (__main__.ContractTests.test_24_partial_station_and_failed_teacher_keep_obligations) ... ok
test_25_only_complete_return_finalizes_obligations (__main__.ContractTests.test_25_only_complete_return_finalizes_obligations) ... ok

----------------------------------------------------------------------
Ran 25 tests in 0.003s

OK
