{"seed": 81001, "stage": "bc", "completed_passes": 1, "optimizer_steps": 64}
{"seed": 81001, "stage": "bc", "completed_passes": 2, "optimizer_steps": 128}
{"seed": 81001, "stage": "bc", "completed_passes": 3, "optimizer_steps": 192}
{"seed": 81001, "stage": "bc", "completed_passes": 4, "optimizer_steps": 256}
{"seed": 81001, "stage": "bc", "completed_passes": 5, "optimizer_steps": 320}
{"seed": 81001, "stage": "bc", "completed_passes": 6, "optimizer_steps": 384}
{"seed": 81001, "stage": "bc", "completed_passes": 7, "optimizer_steps": 448}
{"seed": 81001, "stage": "bc", "completed_passes": 8, "optimizer_steps": 512}
{"seed": 81001, "stage": "ppo", "episodes": 32, "calls": 6687}
{"seed": 81001, "stage": "ppo", "episodes": 64, "calls": 13098}
{"seed": 81001, "stage": "ppo", "episodes": 96, "calls": 19849}
{"seed": 81001, "stage": "ppo", "episodes": 128, "calls": 26196}
{"seed": 81001, "stage": "ppo", "episodes": 160, "calls": 33060}
{"seed": 81001, "stage": "ppo", "episodes": 192, "calls": 39402}
{"seed": 81001, "stage": "ppo", "episodes": 224, "calls": 45906}
{"seed": 81001, "stage": "ppo", "episodes": 256, "calls": 52151}
{"seed": 81001, "stage": "ppo", "episodes": 288, "calls": 58196}
{"seed": 81001, "stage": "ppo", "episodes": 320, "calls": 64622}
{"seed": 81001, "stage": "ppo", "episodes": 352, "calls": 71142}
{"seed": 81001, "stage": "ppo", "episodes": 384, "calls": 77468}
{"seed": 81001, "stage": "ppo", "episodes": 416, "calls": 83987}
{"seed": 81001, "stage": "ppo", "episodes": 448, "calls": 90570}
{"seed": 81001, "stage": "ppo", "episodes": 480, "calls": 96768}
{"seed": 81001, "stage": "ppo", "episodes": 512, "calls": 103318}
{"seed": 81001, "stage": "ppo", "episodes": 544, "calls": 109880}
{"seed": 81001, "stage": "ppo", "episodes": 576, "calls": 116276}
{"seed": 81001, "stage": "ppo", "episodes": 608, "calls": 122731}
{"seed": 81001, "stage": "ppo", "episodes": 640, "calls": 129254}
{"seed": 81001, "stage": "ppo", "episodes": 672, "calls": 135710}
{"seed": 81001, "stage": "ppo", "episodes": 704, "calls": 142264}
{"seed": 81001, "stage": "ppo", "episodes": 736, "calls": 148603}
{"seed": 81001, "stage": "ppo", "episodes": 768, "calls": 155012}
{"seed": 81001, "stage": "ppo", "episodes": 800, "calls": 161478}
{"seed": 81001, "stage": "ppo", "episodes": 832, "calls": 168309}
{"seed": 81001, "stage": "ppo", "episodes": 864, "calls": 174734}
{"seed": 81001, "stage": "ppo", "episodes": 896, "calls": 181139}
{"seed": 81001, "stage": "ppo", "episodes": 928, "calls": 187486}
{"seed": 81001, "stage": "ppo", "episodes": 960, "calls": 193441}
{"seed": 81001, "stage": "ppo", "episodes": 992, "calls": 199512}
{"seed": 81001, "stage": "ppo", "episodes": 1024, "calls": 205618}
{"seed": 81001, "stage": "q_mc", "completed_passes": 1, "optimizer_steps": 64}
{"seed": 81001, "stage": "q_mc", "completed_passes": 2, "optimizer_steps": 128}
{"seed": 81001, "stage": "q_mc", "completed_passes": 3, "optimizer_steps": 192}
{"seed": 81001, "stage": "q_mc", "completed_passes": 4, "optimizer_steps": 256}
{"seed": 81001, "stage": "q", "episodes": 32, "calls": 38661}
{"seed": 81001, "stage": "q", "episodes": 64, "calls": 70937}
{"seed": 81001, "stage": "q", "episodes": 96, "calls": 96013}
{"seed": 81001, "stage": "q", "episodes": 128, "calls": 128758}
{"seed": 81001, "stage": "q", "episodes": 160, "calls": 153065}
{"seed": 81001, "stage": "q", "episodes": 192, "calls": 180902}
{"seed": 81001, "stage": "q", "episodes": 224, "calls": 199411}
{"seed": 81001, "stage": "q", "episodes": 256, "calls": 219573}
{"seed": 81001, "stage": "q", "episodes": 288, "calls": 237303}
{"seed": 81001, "stage": "q", "episodes": 320, "calls": 256287}
{"seed": 81001, "stage": "q", "episodes": 352, "calls": 276642}
{"seed": 81001, "stage": "q", "episodes": 384, "calls": 290226}
{"seed": 81001, "stage": "q", "episodes": 416, "calls": 310439}
{"seed": 81001, "stage": "q", "episodes": 448, "calls": 334337}
{"seed": 81001, "stage": "q", "episodes": 480, "calls": 350704}
{"seed": 81001, "stage": "q", "episodes": 512, "calls": 369088}
{"seed": 81001, "stage": "q", "episodes": 544, "calls": 389333}
{"seed": 81001, "stage": "q", "episodes": 576, "calls": 403356}
{"seed": 81001, "stage": "q", "episodes": 608, "calls": 425782}
{"seed": 81001, "stage": "q", "episodes": 640, "calls": 446666}
{"seed": 81001, "stage": "q", "episodes": 672, "calls": 470733}
{"seed": 81001, "stage": "q", "episodes": 704, "calls": 490380}
{"seed": 81001, "stage": "q", "episodes": 736, "calls": 512714}
{"seed": 81001, "stage": "q", "episodes": 768, "calls": 530734}
{"seed": 81001, "stage": "q", "episodes": 800, "calls": 552723}
{"seed": 81001, "stage": "q", "episodes": 832, "calls": 569552}
{"seed": 81001, "stage": "q", "episodes": 864, "calls": 582629}
{"seed": 81001, "stage": "q", "episodes": 896, "calls": 600035}
{"seed": 81001, "stage": "q", "episodes": 928, "calls": 626805}
{"seed": 81001, "stage": "q", "episodes": 960, "calls": 642383}
{"seed": 81001, "stage": "q", "episodes": 992, "calls": 658881}
{"seed": 81001, "stage": "q", "episodes": 1024, "calls": 678955}
{"seed": 81001, "stage": "complete", "wall_time_this_invocation_s": 2059.4030822080094}
