{"seed": 81002, "stage": "bc", "completed_passes": 1, "optimizer_steps": 64}
{"seed": 81002, "stage": "bc", "completed_passes": 2, "optimizer_steps": 128}
{"seed": 81002, "stage": "bc", "completed_passes": 3, "optimizer_steps": 192}
{"seed": 81002, "stage": "bc", "completed_passes": 4, "optimizer_steps": 256}
{"seed": 81002, "stage": "bc", "completed_passes": 5, "optimizer_steps": 320}
{"seed": 81002, "stage": "bc", "completed_passes": 6, "optimizer_steps": 384}
{"seed": 81002, "stage": "bc", "completed_passes": 7, "optimizer_steps": 448}
{"seed": 81002, "stage": "bc", "completed_passes": 8, "optimizer_steps": 512}
{"seed": 81002, "stage": "ppo", "episodes": 32, "calls": 5943}
{"seed": 81002, "stage": "ppo", "episodes": 64, "calls": 12505}
{"seed": 81002, "stage": "ppo", "episodes": 96, "calls": 19019}
{"seed": 81002, "stage": "ppo", "episodes": 128, "calls": 25565}
{"seed": 81002, "stage": "ppo", "episodes": 160, "calls": 31975}
{"seed": 81002, "stage": "ppo", "episodes": 192, "calls": 38463}
{"seed": 81002, "stage": "ppo", "episodes": 224, "calls": 44781}
{"seed": 81002, "stage": "ppo", "episodes": 256, "calls": 50983}
{"seed": 81002, "stage": "ppo", "episodes": 288, "calls": 57456}
{"seed": 81002, "stage": "ppo", "episodes": 320, "calls": 63882}
{"seed": 81002, "stage": "ppo", "episodes": 352, "calls": 70317}
{"seed": 81002, "stage": "ppo", "episodes": 384, "calls": 76915}
{"seed": 81002, "stage": "ppo", "episodes": 416, "calls": 83284}
{"seed": 81002, "stage": "ppo", "episodes": 448, "calls": 89409}
{"seed": 81002, "stage": "ppo", "episodes": 480, "calls": 95888}
{"seed": 81002, "stage": "ppo", "episodes": 512, "calls": 102087}
{"seed": 81002, "stage": "ppo", "episodes": 544, "calls": 108330}
{"seed": 81002, "stage": "ppo", "episodes": 576, "calls": 114734}
{"seed": 81002, "stage": "ppo", "episodes": 608, "calls": 121108}
{"seed": 81002, "stage": "ppo", "episodes": 640, "calls": 127372}
{"seed": 81002, "stage": "ppo", "episodes": 672, "calls": 133786}
{"seed": 81002, "stage": "ppo", "episodes": 704, "calls": 140278}
{"seed": 81002, "stage": "ppo", "episodes": 736, "calls": 146451}
{"seed": 81002, "stage": "ppo", "episodes": 768, "calls": 153082}
{"seed": 81002, "stage": "ppo", "episodes": 800, "calls": 159561}
{"seed": 81002, "stage": "ppo", "episodes": 832, "calls": 166101}
{"seed": 81002, "stage": "ppo", "episodes": 864, "calls": 172364}
{"seed": 81002, "stage": "ppo", "episodes": 896, "calls": 178783}
{"seed": 81002, "stage": "ppo", "episodes": 928, "calls": 185040}
{"seed": 81002, "stage": "ppo", "episodes": 960, "calls": 191565}
{"seed": 81002, "stage": "ppo", "episodes": 992, "calls": 197976}
{"seed": 81002, "stage": "ppo", "episodes": 1024, "calls": 204523}
{"seed": 81002, "stage": "q_mc", "completed_passes": 1, "optimizer_steps": 64}
{"seed": 81002, "stage": "q_mc", "completed_passes": 2, "optimizer_steps": 128}
{"seed": 81002, "stage": "q_mc", "completed_passes": 3, "optimizer_steps": 192}
{"seed": 81002, "stage": "q_mc", "completed_passes": 4, "optimizer_steps": 256}
{"seed": 81002, "stage": "q", "episodes": 32, "calls": 21877}
{"seed": 81002, "stage": "q", "episodes": 64, "calls": 50968}
{"seed": 81002, "stage": "q", "episodes": 96, "calls": 83420}
{"seed": 81002, "stage": "q", "episodes": 128, "calls": 116546}
{"seed": 81002, "stage": "q", "episodes": 160, "calls": 128140}
{"seed": 81002, "stage": "q", "episodes": 192, "calls": 141736}
{"seed": 81002, "stage": "q", "episodes": 224, "calls": 161891}
{"seed": 81002, "stage": "q", "episodes": 256, "calls": 178064}
{"seed": 81002, "stage": "q", "episodes": 288, "calls": 203573}
{"seed": 81002, "stage": "q", "episodes": 320, "calls": 222976}
{"seed": 81002, "stage": "q", "episodes": 352, "calls": 245261}
{"seed": 81002, "stage": "q", "episodes": 384, "calls": 275395}
{"seed": 81002, "stage": "q", "episodes": 416, "calls": 289985}
{"seed": 81002, "stage": "q", "episodes": 448, "calls": 314859}
{"seed": 81002, "stage": "q", "episodes": 480, "calls": 345021}
{"seed": 81002, "stage": "q", "episodes": 512, "calls": 362353}
{"seed": 81002, "stage": "q", "episodes": 544, "calls": 381674}
{"seed": 81002, "stage": "q", "episodes": 576, "calls": 398168}
{"seed": 81002, "stage": "q", "episodes": 608, "calls": 415087}
{"seed": 81002, "stage": "q", "episodes": 640, "calls": 430726}
{"seed": 81002, "stage": "q", "episodes": 672, "calls": 449502}
{"seed": 81002, "stage": "q", "episodes": 704, "calls": 481154}
{"seed": 81002, "stage": "q", "episodes": 736, "calls": 497404}
{"seed": 81002, "stage": "q", "episodes": 768, "calls": 524320}
{"seed": 81002, "stage": "q", "episodes": 800, "calls": 544414}
{"seed": 81002, "stage": "q", "episodes": 832, "calls": 560947}
{"seed": 81002, "stage": "q", "episodes": 864, "calls": 585246}
{"seed": 81002, "stage": "q", "episodes": 896, "calls": 603056}
{"seed": 81002, "stage": "q", "episodes": 928, "calls": 625792}
{"seed": 81002, "stage": "q", "episodes": 960, "calls": 638501}
{"seed": 81002, "stage": "q", "episodes": 992, "calls": 653905}
{"seed": 81002, "stage": "q", "episodes": 1024, "calls": 681238}
{"seed": 81002, "stage": "complete", "wall_time_this_invocation_s": 2079.0127867080737}
