{"seed": 81003, "stage": "bc", "completed_passes": 1, "optimizer_steps": 64}
{"seed": 81003, "stage": "bc", "completed_passes": 2, "optimizer_steps": 128}
{"seed": 81003, "stage": "bc", "completed_passes": 3, "optimizer_steps": 192}
{"seed": 81003, "stage": "bc", "completed_passes": 4, "optimizer_steps": 256}
{"seed": 81003, "stage": "bc", "completed_passes": 5, "optimizer_steps": 320}
{"seed": 81003, "stage": "bc", "completed_passes": 6, "optimizer_steps": 384}
{"seed": 81003, "stage": "bc", "completed_passes": 7, "optimizer_steps": 448}
{"seed": 81003, "stage": "bc", "completed_passes": 8, "optimizer_steps": 512}
{"seed": 81003, "stage": "ppo", "episodes": 32, "calls": 6580}
{"seed": 81003, "stage": "ppo", "episodes": 64, "calls": 13046}
{"seed": 81003, "stage": "ppo", "episodes": 96, "calls": 19567}
{"seed": 81003, "stage": "ppo", "episodes": 128, "calls": 26273}
{"seed": 81003, "stage": "ppo", "episodes": 160, "calls": 32554}
{"seed": 81003, "stage": "ppo", "episodes": 192, "calls": 38757}
{"seed": 81003, "stage": "ppo", "episodes": 224, "calls": 45401}
{"seed": 81003, "stage": "ppo", "episodes": 256, "calls": 51822}
{"seed": 81003, "stage": "ppo", "episodes": 288, "calls": 58321}
{"seed": 81003, "stage": "ppo", "episodes": 320, "calls": 64517}
{"seed": 81003, "stage": "ppo", "episodes": 352, "calls": 70975}
{"seed": 81003, "stage": "ppo", "episodes": 384, "calls": 77227}
{"seed": 81003, "stage": "ppo", "episodes": 416, "calls": 83331}
{"seed": 81003, "stage": "ppo", "episodes": 448, "calls": 89775}
{"seed": 81003, "stage": "ppo", "episodes": 480, "calls": 96273}
{"seed": 81003, "stage": "ppo", "episodes": 512, "calls": 102622}
{"seed": 81003, "stage": "ppo", "episodes": 544, "calls": 109312}
{"seed": 81003, "stage": "ppo", "episodes": 576, "calls": 115342}
{"seed": 81003, "stage": "ppo", "episodes": 608, "calls": 121644}
{"seed": 81003, "stage": "ppo", "episodes": 640, "calls": 128096}
{"seed": 81003, "stage": "ppo", "episodes": 672, "calls": 134138}
{"seed": 81003, "stage": "ppo", "episodes": 704, "calls": 140409}
{"seed": 81003, "stage": "ppo", "episodes": 736, "calls": 146950}
{"seed": 81003, "stage": "ppo", "episodes": 768, "calls": 153345}
{"seed": 81003, "stage": "ppo", "episodes": 800, "calls": 159478}
{"seed": 81003, "stage": "ppo", "episodes": 832, "calls": 165854}
{"seed": 81003, "stage": "ppo", "episodes": 864, "calls": 171964}
{"seed": 81003, "stage": "ppo", "episodes": 896, "calls": 178111}
{"seed": 81003, "stage": "ppo", "episodes": 928, "calls": 184387}
{"seed": 81003, "stage": "ppo", "episodes": 960, "calls": 190760}
{"seed": 81003, "stage": "ppo", "episodes": 992, "calls": 197064}
{"seed": 81003, "stage": "ppo", "episodes": 1024, "calls": 203585}
{"seed": 81003, "stage": "q_mc", "completed_passes": 1, "optimizer_steps": 64}
{"seed": 81003, "stage": "q_mc", "completed_passes": 2, "optimizer_steps": 128}
{"seed": 81003, "stage": "q_mc", "completed_passes": 3, "optimizer_steps": 192}
{"seed": 81003, "stage": "q_mc", "completed_passes": 4, "optimizer_steps": 256}
{"seed": 81003, "stage": "q", "episodes": 32, "calls": 24732}
{"seed": 81003, "stage": "q", "episodes": 64, "calls": 52141}
{"seed": 81003, "stage": "q", "episodes": 96, "calls": 87244}
{"seed": 81003, "stage": "q", "episodes": 128, "calls": 117834}
{"seed": 81003, "stage": "q", "episodes": 160, "calls": 135775}
{"seed": 81003, "stage": "q", "episodes": 192, "calls": 151169}
{"seed": 81003, "stage": "q", "episodes": 224, "calls": 175320}
{"seed": 81003, "stage": "q", "episodes": 256, "calls": 195445}
{"seed": 81003, "stage": "q", "episodes": 288, "calls": 213951}
{"seed": 81003, "stage": "q", "episodes": 320, "calls": 243805}
{"seed": 81003, "stage": "q", "episodes": 352, "calls": 261674}
{"seed": 81003, "stage": "q", "episodes": 384, "calls": 281906}
{"seed": 81003, "stage": "q", "episodes": 416, "calls": 309960}
{"seed": 81003, "stage": "q", "episodes": 448, "calls": 333292}
{"seed": 81003, "stage": "q", "episodes": 480, "calls": 358554}
{"seed": 81003, "stage": "q", "episodes": 512, "calls": 372218}
{"seed": 81003, "stage": "q", "episodes": 544, "calls": 389364}
{"seed": 81003, "stage": "q", "episodes": 576, "calls": 412270}
{"seed": 81003, "stage": "q", "episodes": 608, "calls": 426336}
{"seed": 81003, "stage": "q", "episodes": 640, "calls": 444070}
{"seed": 81003, "stage": "q", "episodes": 672, "calls": 465045}
{"seed": 81003, "stage": "q", "episodes": 704, "calls": 480308}
{"seed": 81003, "stage": "q", "episodes": 736, "calls": 502535}
{"seed": 81003, "stage": "q", "episodes": 768, "calls": 522862}
{"seed": 81003, "stage": "q", "episodes": 800, "calls": 541158}
{"seed": 81003, "stage": "q", "episodes": 832, "calls": 567441}
{"seed": 81003, "stage": "q", "episodes": 864, "calls": 588453}
{"seed": 81003, "stage": "q", "episodes": 896, "calls": 607111}
{"seed": 81003, "stage": "q", "episodes": 928, "calls": 627864}
{"seed": 81003, "stage": "q", "episodes": 960, "calls": 646154}
{"seed": 81003, "stage": "q", "episodes": 992, "calls": 665571}
{"seed": 81003, "stage": "q", "episodes": 1024, "calls": 678104}
{"seed": 81003, "stage": "complete", "wall_time_this_invocation_s": 2053.5741893330123}
