{"model": "original_c7", "selection_episodes": 32, "failures": 0, "calls": 6526}
{"model": "original_c7", "selection_episodes": 64, "failures": 0, "calls": 12924}
{"model": "original_c7", "selection_episodes": 96, "failures": 0, "calls": 19019}
{"model": "original_c7", "selection_episodes": 128, "failures": 0, "calls": 25524}
{"model": "original_c7", "selection_episodes": 160, "failures": 0, "calls": 31353}
{"model": "original_c7", "selection_episodes": 192, "failures": 0, "calls": 37627}
{"model": "teacher_wrapper", "selection_episodes": 32, "failures": 0, "calls": 6526}
{"model": "teacher_wrapper", "selection_episodes": 64, "failures": 0, "calls": 12924}
{"model": "teacher_wrapper", "selection_episodes": 96, "failures": 0, "calls": 19019}
{"model": "teacher_wrapper", "selection_episodes": 128, "failures": 0, "calls": 25524}
{"model": "teacher_wrapper", "selection_episodes": 160, "failures": 0, "calls": 31353}
{"model": "teacher_wrapper", "selection_episodes": 192, "failures": 0, "calls": 37627}
{"model": "same_candidates_greedy", "selection_episodes": 32, "failures": 0, "calls": 6404}
{"model": "same_candidates_greedy", "selection_episodes": 64, "failures": 0, "calls": 12521}
{"model": "same_candidates_greedy", "selection_episodes": 96, "failures": 0, "calls": 18389}
{"model": "same_candidates_greedy", "selection_episodes": 128, "failures": 0, "calls": 24789}
{"model": "same_candidates_greedy", "selection_episodes": 160, "failures": 0, "calls": 30737}
{"model": "same_candidates_greedy", "selection_episodes": 192, "failures": 0, "calls": 36736}
{"model": "bc_init81001", "selection_episodes": 32, "failures": 0, "calls": 6404}
{"model": "bc_init81001", "selection_episodes": 64, "failures": 0, "calls": 12731}
{"model": "bc_init81001", "selection_episodes": 96, "failures": 0, "calls": 18853}
{"model": "bc_init81001", "selection_episodes": 128, "failures": 0, "calls": 25313}
{"model": "bc_init81001", "selection_episodes": 160, "failures": 0, "calls": 31268}
{"model": "bc_init81001", "selection_episodes": 192, "failures": 0, "calls": 37508}
{"model": "bc_init81002", "selection_episodes": 32, "failures": 0, "calls": 6449}
{"model": "bc_init81002", "selection_episodes": 64, "failures": 0, "calls": 12726}
{"model": "bc_init81002", "selection_episodes": 96, "failures": 0, "calls": 18727}
{"model": "bc_init81002", "selection_episodes": 128, "failures": 0, "calls": 25258}
{"model": "bc_init81002", "selection_episodes": 160, "failures": 0, "calls": 31173}
{"model": "bc_init81002", "selection_episodes": 192, "failures": 0, "calls": 37368}
{"model": "bc_init81003", "selection_episodes": 32, "failures": 0, "calls": 6458}
{"model": "bc_init81003", "selection_episodes": 64, "failures": 0, "calls": 12733}
{"model": "bc_init81003", "selection_episodes": 96, "failures": 0, "calls": 18793}
{"model": "bc_init81003", "selection_episodes": 128, "failures": 0, "calls": 25223}
{"model": "bc_init81003", "selection_episodes": 160, "failures": 0, "calls": 31078}
{"model": "bc_init81003", "selection_episodes": 192, "failures": 0, "calls": 37245}
{"part": "baselines", "seed": null, "model_count": 6, "completed": true}
